Command line:
   full_adder_8bit_tb_isim_beh.exe
     -simmode  gui
     -simrunnum  0
     -socket  46563

Sat Sep 26 14:20:58 2026


 Elaboration Time: 0.03 sec

 Current Memory Usage: 215.38 Meg

 Total Signals          : 95
 Total Nets             : 46
 Total Signal Drivers   : 38
 Total Blocks           : 11
 Total Primitive Blocks : 9
 Total Processes        : 40
 Total Traceable Variables  : 35
 Total Scalar Nets and Variables : 143
Total Line Count : 62

 Total Simulation Time: 0.12 sec

 Current Memory Usage: 292.979 Meg

Sat Sep 26 14:21:17 2026

